
> frontend@0.0.0 build
> tsc -b && vite build

src/components/ChatWidget.tsx(50,29): error TS2339: Property 'setHighlightMessageId' does not exist on type 'ChatStore'.
src/components/ChatWidget.tsx(817,46): error TS18048: 'activeConversation.admins' is possibly 'undefined'.
src/components/ChatWidget.tsx(817,81): error TS2345: Argument of type 'string | undefined' is not assignable to parameter of type 'string'.
  Type 'undefined' is not assignable to type 'string'.
src/components/ChatWidget.tsx(834,65): error TS18048: 'activeConversation.admins' is possibly 'undefined'.
src/components/ChatWidget.tsx(835,67): error TS18048: 'activeConversation.admins' is possibly 'undefined'.
src/components/ChatWidget.tsx(835,102): error TS2345: Argument of type 'string | undefined' is not assignable to parameter of type 'string'.
  Type 'undefined' is not assignable to type 'string'.
src/components/ChatWidget.tsx(843,125): error TS2322: Type '{ size: number; className: string; title: string; }' is not assignable to type 'IntrinsicAttributes & Omit<LucideProps, "ref"> & RefAttributes<SVGSVGElement>'.
  Property 'title' does not exist on type 'IntrinsicAttributes & Omit<LucideProps, "ref"> & RefAttributes<SVGSVGElement>'.
src/components/ProjectNotes.tsx(361,72): error TS2322: Type '{ user: { _id: string; name: string; role: string; avatar?: string | undefined; } | undefined; size: "xs"; noBorder: true; }' is not assignable to type 'IntrinsicAttributes & UserAvatarProps'.
  Property 'noBorder' does not exist on type 'IntrinsicAttributes & UserAvatarProps'.
src/pages/CreateProject.tsx(114,37): error TS2339: Property 'project_domains' does not exist on type 'SystemSettings'.
src/pages/CreateProject.tsx(114,77): error TS7006: Parameter 'd' implicitly has an 'any' type.
src/pages/CreateProject.tsx(155,52): error TS7006: Parameter 'opt' implicitly has an 'any' type.
src/pages/Dashboard.tsx(347,39): error TS7034: Variable 'labels' implicitly has type 'any[]' in some locations where its type cannot be determined.
src/pages/Dashboard.tsx(426,66): error TS7005: Variable 'labels' implicitly has an 'any[]' type.
src/pages/ProfilePage.tsx(382,59): error TS2769: No overload matches this call.
  Overload 1 of 4, '(names: readonly ("email" | "name" | "username" | "bio" | "jobTitle" | "socialLinks" | "socialLinks.linkedin" | "socialLinks.twitter" | "socialLinks.website")[], defaultValue?: { name?: string | undefined; ... 4 more ...; socialLinks?: { ...; } | undefined; } | undefined): readonly (string | ... 1 more ... | undefined)[]', gave the following error.
    Argument of type 'string' is not assignable to parameter of type 'readonly ("email" | "name" | "username" | "bio" | "jobTitle" | "socialLinks" | "socialLinks.linkedin" | "socialLinks.twitter" | "socialLinks.website")[]'.
  Overload 2 of 4, '(name: "email" | "name" | "username" | "bio" | "jobTitle" | "socialLinks" | "socialLinks.linkedin" | "socialLinks.twitter" | "socialLinks.website", defaultValue?: string | { linkedin?: string | undefined; twitter?: string | undefined; website?: string | undefined; } | undefined): string | ... 1 more ... | undefined', gave the following error.
    Argument of type '"specializations"' is not assignable to parameter of type '"email" | "name" | "username" | "bio" | "jobTitle" | "socialLinks" | "socialLinks.linkedin" | "socialLinks.twitter" | "socialLinks.website"'.
  Overload 3 of 4, '(callback: WatchObserver<{ name: string; email: string; username?: string | undefined; bio?: string | undefined; jobTitle?: string | undefined; socialLinks?: { linkedin?: string | undefined; twitter?: string | undefined; website?: string | undefined; } | undefined; }>, defaultValues?: { ...; } | undefined): Subscription', gave the following error.
    Argument of type 'string' is not assignable to parameter of type 'WatchObserver<{ name: string; email: string; username?: string | undefined; bio?: string | undefined; jobTitle?: string | undefined; socialLinks?: { linkedin?: string | undefined; twitter?: string | undefined; website?: string | undefined; } | undefined; }>'.
src/pages/ProfilePage.tsx(391,62): error TS2345: Argument of type '"specializations"' is not assignable to parameter of type '"email" | "name" | "username" | "bio" | "jobTitle" | "socialLinks" | "socialLinks.linkedin" | "socialLinks.twitter" | "socialLinks.website"'.
src/pages/ProfilePage.tsx(393,62): error TS2345: Argument of type '"specializations"' is not assignable to parameter of type '"email" | "name" | "username" | "bio" | "jobTitle" | "socialLinks" | "socialLinks.linkedin" | "socialLinks.twitter" | "socialLinks.website"'.
src/pages/ProjectDetails.tsx(234,78): error TS2339: Property 'project_domains' does not exist on type 'SystemSettings'.
src/pages/ProjectDetails.tsx(234,118): error TS7006: Parameter 'd' implicitly has an 'any' type.
src/pages/ProjectDetails.tsx(486,42): error TS2322: Type 'string | undefined' is not assignable to type 'string | Date | null'.
  Type 'undefined' is not assignable to type 'string | Date | null'.
src/pages/SettingsPage.tsx(177,23): error TS2503: Cannot find namespace 'NodeJS'.
