Script loaded.
--- Starting Verification ---
Admin logged in: 6935619718afcb3d3cd0e6da
Sarah logged in: 69356bc80e5f5a2c7b725c5d
Creating Project...
Project Created: 69360ef79a24f6fcac6ad262
Assigning Sarah...
Assigned successfully.
Checking Sarah Notifications (Assignment)...
node : FAILURE: Assignment Notification 
NOT Found
At line:1 char:1
+ node test_assignment_notif.js > 
test_output.txt 2>&1
+ ~~~~~~~~~~~~~~~~~~~~~~~~~~~~~~~~~~~~~~~~~
~~~~~~~~~~~
    + CategoryInfo          : NotSpecified 
   : (FAILURE: Assign...ation NOT Found:S  
  tring) [], RemoteException
    + FullyQualifiedErrorId : NativeComman 
   dError
 
Recent Notifications: []
Removing Sarah...
Removed successfully.
Checking Sarah Notifications (Removal)...
FAILURE: Removal Notification NOT Found
Recent Notifications: []
